// Jest Snapshot v1, https://goo.gl/fbAQLP

exports[`<TicketContainer /> renders without crashing 1`] = `
<div>
  <div
    class="sc-jzJRlG jltfoM"
  >
    <button
      class="sc-bwzfXH dwVoQl"
    >
      Tillbaka till visning
    </button>
    <h3
      class="sc-kgoBCf dUYGXL"
    >
      Våra platser:
    </h3>
    <div
      class="sc-kpOJdX lrjBj"
    >
      <label
        class="sc-kGXeez gniceC"
      >
        Lägg till SF-bokningslänkar
      </label>
      <br />
      <textarea
        class="sc-bdVaJa iQFFzu"
        rows="5"
      />
      <button
        class="sc-bwzfXH dwVoQl"
      >
        Skicka
      </button>
    </div>
  </div>
</div>
`;
