// Jest Snapshot v1, https://goo.gl/fbAQLP

exports[`<TicketContainer /> renders without crashing 1`] = `
<div>
  <button
    class="css-gcz4q9"
  >
    Tillbaka till visning
  </button>
  <h3
    class="css-1llnadu"
  >
    Våra platser:
  </h3>
  <div
    style="display: flex; justify-content: center;"
  />
  <div
    class="css-18sytmz"
  >
    <div
      class="css-o2j9ze"
      style="margin-bottom: 1rem;"
    >
      <img
        alt="FS logo"
        src=""
        style="height: 3rem; width: auto; margin-right: 1rem;"
      />
      <div
        class="css-deizzc"
      >
        <div
          class="css-lp25y4"
          style="font-size: 1rem;"
        >
          mock-cinema
        </div>
        <div
          class="css-e2s1aj"
        >
          Filmstaden
        </div>
      </div>
    </div>
    <div
      class="css-deizzc"
      style="margin-bottom: 1rem;"
    >
      <div
        class="css-lp25y4"
        style="margin-bottom: 0.5rem;"
      >
        mock-movie-name
      </div>
      <div
        class="css-f24dyb"
      >
        <div
          class="css-o2j9ze"
        >
          <span
            class="css-ya7yf4"
          >
            3D
          </span>
        </div>
        R
      </div>
    </div>
    <div
      class="css-o2j9ze"
      style="margin-bottom: 1rem;"
    >
      <div
        class="css-deizzc"
        style="padding-right: 1rem;"
      >
        <div
          class="css-e2s1aj"
        >
          Datum
        </div>
        <div
          class="css-lp25y4"
        >
          2018-10-10
        </div>
      </div>
      <div
        class="css-deizzc"
        style="padding-right: 1rem;"
      >
        <div
          class="css-e2s1aj"
        >
          Tid
        </div>
        <div
          class="css-lp25y4"
        >
          20:00
        </div>
      </div>
    </div>
    <div
      class="css-1k01z69"
      style="margin-bottom: 1rem; border: .0625rem solid #000;"
    >
      <div
        class="css-deizzc"
        style="width: 50%; padding-right: 1rem;"
      >
        <div
          class="css-e2s1aj"
        >
          Salong
        </div>
        <div
          class="css-lp25y4"
        >
          mock-screen
        </div>
      </div>
      <div
        class="css-deizzc"
        style="padding-right: 1rem;"
      >
        <div
          class="css-e2s1aj"
        >
          Rad
        </div>
        <div
          class="css-lp25y4"
        >
          2
        </div>
      </div>
      <div
        class="css-deizzc"
        style="padding-right: 1rem;"
      >
        <div
          class="css-e2s1aj"
        >
          Stolsnr
        </div>
        <div
          class="css-lp25y4"
        >
          3
        </div>
      </div>
    </div>
    <div
      class="css-o2j9ze"
      style="margin-bottom: 1rem; font-weight: 500;"
    >
      mock-customer-type
    </div>
    <div
      class="css-o2j9ze"
      style="margin-bottom: 1rem;"
    >
      <div
        class="css-deizzc"
        style="align-items: left;"
      >
        <img
          alt="1"
          class="css-6n2ytg"
          src="this-is-barcode"
        />
        <div>
          1
           
          mock-profile-id
        </div>
      </div>
    </div>
  </div>
  <div
    class="css-1dhwn8t"
  >
    <label
      class="css-1vtr8wv"
    >
      Lägg till Filmstaden-bokningslänkar
    </label>
    <br />
    <textarea
      class="css-1tvymxn"
      rows="5"
    />
    <button
      class="css-gcz4q9"
    >
      Skicka
    </button>
  </div>
</div>
`;
